[hwidspoofer.com/index.html]
[backblue.gif]
[fade.gif]
[index.html]
[hwidspoofer.com/assets/icons/favicon.png]
[hwidspoofer.com/assets/css/bootstrap.min.css]
[hwidspoofer.com/assets/css/animate.css]
[hwidspoofer.com/assets/css/owl.carousel.css]
[hwidspoofer.com/assets/css/owl.theme.css]
[hwidspoofer.com/assets/css/ionicons.min.css]
[hwidspoofer.com/assets/css/stylesheet.css]
[widget.trustpilot.com/bootstrap/v5/tp.widget.bootstrap.min.js]
[hwidspoofer.com/assets/icons/logo-black.png]
[hwidspoofer.com/assets/images/head5e1f.png]
[discordapp.com/api/guilds/897551150960758865/widget7c49.png]
[hwidspoofer.com/assets/icons/cat1.png]
[hwidspoofer.com/assets/icons/cat2.png]
[hwidspoofer.com/assets/icons/cat3.png]
[hwidspoofer.com/assets/images/support.png]
[hwidspoofer.com/assets/icons/tick.svg]
[hwidspoofer.com/assets/images/write.png]
[hwidspoofer.com/assets/icons/quote.svg]
[hwidspoofer.com/assets/icons/customer.png]
[hwidspoofer.com/assets/icons/xyll.png]
[hwidspoofer.com/assets/icons/focuz.png]
[hwidspoofer.com/assets/icons/rev2.png]
[hwidspoofer.com/assets/icons/rev3.png]
[hwidspoofer.com/assets/icons/f1.png]
[hwidspoofer.com/assets/icons/f2.png]
[hwidspoofer.com/assets/icons/f3.png]
[hwidspoofer.com/assets/icons/i5.png]
[hwidspoofer.com/js/app.js]
[hwidspoofer.com/assets/js/jquery-2.1.1.js]
[hwidspoofer.com/assets/js/popper.min.js]
[hwidspoofer.com/assets/js/bootstrap.min.js]
[hwidspoofer.com/assets/js/jquery.validate.min.js]
[hwidspoofer.com/assets/js/custom.js]
[hwidspoofer.com/assets/js/plugins.js]
[srs0ty6cw7c5.statuspage.io/embed/script.js]
[hwidspoofer.com/index.html]
[hwidspoofer.com/css/app.css]
[hwidspoofer.com/assets/css/bootstrap.min.css]
[hwidspoofer.com/assets/css/animate.css]
[hwidspoofer.com/cdn-cgi/challenge-platform/h/g/scripts/alpha/invisible5615.js]
[hwidspoofer.com/assets/css/grabbing.html]
[hwidspoofer.com/assets/css/owl.carousel.css]
[hwidspoofer.com/assets/css/AjaxLoader.html]
[hwidspoofer.com/assets/css/owl.theme.css]
[hwidspoofer.com/assets/fonts/ionicons790f790f.eot]
[hwidspoofer.com/assets/fonts/ionicons790f790f.ttf]
[hwidspoofer.com/assets/fonts/ionicons790f790f.woff]
[hwidspoofer.com/assets/css/ionicons.min.css]
[hwidspoofer.com/assets/fonts/ionicons790f790f.svg]
[hwidspoofer.com/assets/icons/arrow.svg]
[hwidspoofer.com/assets/images/cta.html]
[hwidspoofer.com/assets/css/stylesheet.css]
[hwidspoofer.com/xhr.js]
[hwidspoofer.com/GET]
[hwidspoofer.com/lib/widget-management.js]
[widget.trustpilot.com/bootstrap/v5/tp.widget.bootstrap.min.js]
[hwidspoofer.com/assets/icons/tick.svg]
[hwidspoofer.com/assets/icons/quote.svg]
[media.publit.io/file/New-Project-10.png]
[hwidspoofer.com/assets/css/grabbing.html]
[hwidspoofer.com/assets/css/AjaxLoader.html]
[hwidspoofer.com/assets/fonts/ionicons790f790f.svg]
[hwidspoofer.com/assets/icons/arrow.svg]
[hwidspoofer.com/assets/images/cta.html]
[hwidspoofer.com/xhr.html]
[hwidspoofer.com/GET.html]
[hwidspoofer.com/lib/widget-management.html]
